// Jest Snapshot v1, https://goo.gl/fbAQLP

exports[`should match ZineCard component snapshot 1`] = `
<div>
  <div
    class="zineCard"
  >
    <div
      class="zineCard__leftContent"
    >
      <h2
        class="zineCard__leftContent-title"
      />
      <h3
        class="zineCard__leftContent-profileName"
      />
      <img
        alt=""
        class="zineCard__leftContent-profileImage"
      />
    </div>
    <div
      class="zineCard__rightContent"
    >
      <img
        alt=""
        class="zineCard__zineImage"
      />
    </div>
  </div>
</div>
`;
