// Jest Snapshot v1, https://goo.gl/fbAQLP

exports[`should match ZineCardContainer component snapshot 1`] = `
<div>
  <div
    class="zineCardContainer"
  >
    <div
      class="zineCard"
    >
      <div
        class="zineCard__leftContent"
      >
        <h2
          class="zineCard__leftContent-title"
        >
          CEREAL
        </h2>
        <h3
          class="zineCard__leftContent-profileName"
        >
          JOHN SMITCH
        </h3>
        <img
          alt=""
          class="zineCard__leftContent-profileImage"
          src="profile.png"
        />
      </div>
      <div
        class="zineCard__rightContent"
      >
        <img
          alt=""
          class="zineCard__zineImage"
          src="Zine.png"
        />
      </div>
    </div>
    <div
      class="zineCard"
    >
      <div
        class="zineCard__leftContent"
      >
        <h2
          class="zineCard__leftContent-title"
        >
          CEREAL
        </h2>
        <h3
          class="zineCard__leftContent-profileName"
        >
          JOHN SMITCH
        </h3>
        <img
          alt=""
          class="zineCard__leftContent-profileImage"
          src="profile.png"
        />
      </div>
      <div
        class="zineCard__rightContent"
      >
        <img
          alt=""
          class="zineCard__zineImage"
          src="Zine.png"
        />
      </div>
    </div>
    <div
      class="zineCard"
    >
      <div
        class="zineCard__leftContent"
      >
        <h2
          class="zineCard__leftContent-title"
        >
          CEREAL
        </h2>
        <h3
          class="zineCard__leftContent-profileName"
        >
          JOHN SMITCH
        </h3>
        <img
          alt=""
          class="zineCard__leftContent-profileImage"
          src="profile.png"
        />
      </div>
      <div
        class="zineCard__rightContent"
      >
        <img
          alt=""
          class="zineCard__zineImage"
          src="Zine.png"
        />
      </div>
    </div>
    <div
      class="zineCard"
    >
      <div
        class="zineCard__leftContent"
      >
        <h2
          class="zineCard__leftContent-title"
        >
          CEREAL
        </h2>
        <h3
          class="zineCard__leftContent-profileName"
        >
          JOHN SMITCH
        </h3>
        <img
          alt=""
          class="zineCard__leftContent-profileImage"
          src="profile.png"
        />
      </div>
      <div
        class="zineCard__rightContent"
      >
        <img
          alt=""
          class="zineCard__zineImage"
          src="Zine.png"
        />
      </div>
    </div>
    <div
      class="zineCard"
    >
      <div
        class="zineCard__leftContent"
      >
        <h2
          class="zineCard__leftContent-title"
        >
          CEREAL
        </h2>
        <h3
          class="zineCard__leftContent-profileName"
        >
          JOHN SMITCH
        </h3>
        <img
          alt=""
          class="zineCard__leftContent-profileImage"
          src="profile.png"
        />
      </div>
      <div
        class="zineCard__rightContent"
      >
        <img
          alt=""
          class="zineCard__zineImage"
          src="Zine.png"
        />
      </div>
    </div>
    ;
  </div>
</div>
`;
